[0mGET /api/auth/refresh [32m200[0m 145.667 ms - 225[0m
[0mGET /api/user/cart [36m304[0m 63.798 ms - -[0m
[0mGET /api/course/list?search=&category=&level=&minPrice=&maxPrice=&sortBy=price&sortOrder=-1&page=1&limit=5 [36m304[0m 180.364 ms - -[0m
[0mGET /api/auth/refresh [33m401[0m 3.767 ms - 57[0m
[0mGET /api/course/list?search=&category=&level=&minPrice=&maxPrice=&sortBy=price&sortOrder=-1&page=1&limit=5 [36m304[0m 172.090 ms - -[0m
[0mGET /api/auth/refresh [33m401[0m 1.357 ms - 57[0m
[0mGET /api/course/list?search=&category=&level=&minPrice=&maxPrice=&sortBy=price&sortOrder=-1&page=1&limit=5 [36m304[0m 450.483 ms - -[0m
[0mGET /api/auth/refresh [33m401[0m 1.080 ms - 57[0m
[0mGET /api/course/list?search=&category=&level=&minPrice=&maxPrice=&sortBy=price&sortOrder=-1&page=1&limit=5 [36m304[0m 160.107 ms - -[0m
[0mGET /api/auth/refresh [33m401[0m 0.720 ms - 57[0m
[0mGET /api/course/list?search=&category=&level=&minPrice=&maxPrice=&sortBy=price&sortOrder=-1&page=1&limit=5 [36m304[0m 132.579 ms - -[0m
[0mGET /api/auth/refresh [33m401[0m 2.254 ms - 57[0m
[0mGET /api/course/list?search=&category=&level=&minPrice=&maxPrice=&sortBy=price&sortOrder=-1&page=1&limit=5 [36m304[0m 121.315 ms - -[0m
[0mPOST /api/auth/google [32m200[0m 351.396 ms - 434[0m
[0mGET /api/course/draft-list [36m304[0m 58.055 ms - -[0m
[0mGET /api/teacher/dashboard/purchase [36m304[0m 44.256 ms - -[0m
[0mGET /api/teacher/dashboard/revenue [36m304[0m 54.461 ms - -[0m
[0mGET /api/teacher/dashboard/lifetime-earning [36m304[0m 49.492 ms - -[0m
[0mGET /api/teacher/dashboard/earning/monthly?months=6 [32m200[0m 53.442 ms - 1590[0m
[0mGET /api/teacher/dashboard/sales-list?page=1 [36m304[0m 95.940 ms - -[0m
[0mGET /api/course/full-details?courseId=6766c2f1040682b6bfe3b1b3 [36m304[0m 56.423 ms - -[0m
[0mGET /api/course/draft/videos?courseId=6766c2f1040682b6bfe3b1b3 [36m304[0m 55.980 ms - -[0m
[0mGET /api/auth/refresh [32m200[0m 87.884 ms - 262[0m
[0mGET /api/course/draft-list [36m304[0m 56.539 ms - -[0m
[0mGET /api/course/full-details?courseId=6766c2f1040682b6bfe3b1b3 [36m304[0m 59.705 ms - -[0m
[0mGET /api/course/draft/videos?courseId=6766c2f1040682b6bfe3b1b3 [36m304[0m 54.717 ms - -[0m
[0mGET /api/auth/refresh [32m200[0m 78.711 ms - 262[0m
[0mGET /api/course/draft-list [36m304[0m 52.205 ms - -[0m
[0mGET /api/course/full-details?courseId=6766c2f1040682b6bfe3b1b3 [36m304[0m 47.033 ms - -[0m
[0mGET /api/course/draft/videos?courseId=6766c2f1040682b6bfe3b1b3 [36m304[0m 52.756 ms - -[0m
[0mGET /api/auth/refresh [32m200[0m 88.703 ms - 262[0m
[0mGET /api/course/draft-list [36m304[0m 47.091 ms - -[0m
[0mGET /api/course/full-details?courseId=6766c2f1040682b6bfe3b1b3 [36m304[0m 44.161 ms - -[0m
[0mGET /api/course/draft/videos?courseId=6766c2f1040682b6bfe3b1b3 [36m304[0m 58.848 ms - -[0m
[0mGET /api/course/details?courseId=6766c2f1040682b6bfe3b1b3 [32m200[0m 221.205 ms - 1959[0m
[0mGET /api/course/full-details?courseId=6766c2f6040682b6bfe3b1b5 [32m200[0m 40.749 ms - 1094[0m
[0mGET /api/course/draft/videos?courseId=6766c2f6040682b6bfe3b1b5 [32m200[0m 40.448 ms - 83[0m
[0mGET /api/course/details?courseId=6766c2f6040682b6bfe3b1b5 [32m200[0m 84.545 ms - 1126[0m
[0mGET /api/auth/refresh [32m200[0m 106.824 ms - 262[0m
[0mGET /api/course/full-details?courseId=6766c2f6040682b6bfe3b1b5 [36m304[0m 178.812 ms - -[0m
[0mGET /api/course/draft-list [36m304[0m 187.884 ms - -[0m
[0mGET /api/course/details?courseId=6766c2f6040682b6bfe3b1b5 [36m304[0m 261.839 ms - -[0m
[0mGET /api/teacher/dashboard/revenue [36m304[0m 39.135 ms - -[0m
[0mGET /api/teacher/dashboard/purchase [36m304[0m 39.700 ms - -[0m
[0mGET /api/teacher/dashboard/lifetime-earning [36m304[0m 39.583 ms - -[0m
[0mGET /api/teacher/dashboard/earning/monthly?months=6 [32m200[0m 39.814 ms - 1590[0m
[0mGET /api/teacher/dashboard/sales-list?page=1 [36m304[0m 75.831 ms - -[0m
[0mGET /api/auth/refresh [32m200[0m 127.831 ms - 262[0m
[0mGET /api/course/draft-list [36m304[0m 48.215 ms - -[0m
[0mGET /api/teacher/dashboard/revenue [36m304[0m 43.878 ms - -[0m
[0mGET /api/teacher/dashboard/lifetime-earning [36m304[0m 48.339 ms - -[0m
[0mGET /api/teacher/dashboard/purchase [36m304[0m 52.882 ms - -[0m
[0mGET /api/teacher/dashboard/earning/monthly?months=6 [32m200[0m 49.481 ms - 1590[0m
[0mGET /api/teacher/dashboard/sales-list?page=1 [36m304[0m 89.174 ms - -[0m
[0mPOST /api/teacher/auth/logout [32m200[0m 78.825 ms - 60[0m
[0mGET /api/course/list?search=&category=&level=&minPrice=&maxPrice=&sortBy=price&sortOrder=-1&page=1&limit=5 [36m304[0m 130.896 ms - -[0m
[0mGET /api/course/list?search=&category=&level=&minPrice=&maxPrice=0&sortBy=price&sortOrder=-1&page=1&limit=5 [32m200[0m 80.547 ms - 94[0m
[0mGET /api/course/list?search=&category=&level=&minPrice=&maxPrice=500&sortBy=price&sortOrder=-1&page=1&limit=5 [32m200[0m 135.789 ms - 2438[0m
[0mGET /api/course/list?search=&category=&level=&minPrice=&maxPrice=1000&sortBy=price&sortOrder=-1&page=1&limit=5 [32m200[0m 272.299 ms - 2431[0m
[0mGET /api/course/list?search=&category=webDevelopment&level=&minPrice=&maxPrice=&sortBy=price&sortOrder=-1&page=1&limit=5 [32m200[0m 140.430 ms - 1903[0m
[0mGET /api/course/list?search=&category=aiml&level=&minPrice=&maxPrice=&sortBy=price&sortOrder=-1&page=1&limit=5 [32m200[0m 135.985 ms - 621[0m
[0mGET /api/auth/refresh [33m401[0m 1.129 ms - 57[0m
[0mGET /api/course/list?search=&category=&level=&minPrice=&maxPrice=&sortBy=price&sortOrder=-1&page=1&limit=5 [36m304[0m 144.695 ms - -[0m
[0mGET /api/auth/refresh [33m401[0m 2.659 ms - 57[0m
[0mGET /api/course/list?search=&category=&level=&minPrice=&maxPrice=&sortBy=price&sortOrder=-1&page=1&limit=5 [36m304[0m 132.634 ms - -[0m
[0mGET /api/auth/refresh [33m401[0m 0.777 ms - 57[0m
[0mGET /api/course/list?search=&category=&level=&minPrice=&maxPrice=&sortBy=price&sortOrder=-1&page=1&limit=5 [36m304[0m 160.565 ms - -[0m
[0mGET /api/auth/refresh [33m401[0m 0.493 ms - 57[0m
[0mGET /api/course/list?search=&category=&level=&minPrice=&maxPrice=&sortBy=price&sortOrder=-1&page=1&limit=5 [36m304[0m 141.353 ms - -[0m
[0mGET /api/auth/refresh [33m401[0m 1.716 ms - 57[0m
[0mGET /api/course/list?search=&category=&level=&minPrice=&maxPrice=&sortBy=price&sortOrder=-1&page=1&limit=5 [36m304[0m 131.458 ms - -[0m
[0mGET /api/auth/refresh [33m401[0m 0.952 ms - 57[0m
[0mGET /api/course/list?search=&category=&level=&minPrice=&maxPrice=&sortBy=price&sortOrder=-1&page=1&limit=5 [36m304[0m 125.457 ms - -[0m
[0mGET /api/auth/refresh [33m401[0m 1.777 ms - 57[0m
[0mGET /api/course/list?search=&category=&level=&minPrice=&maxPrice=&sortBy=price&sortOrder=-1&page=1&limit=5 [36m304[0m 134.129 ms - -[0m
[0mGET /api/auth/refresh [33m401[0m 1.678 ms - 57[0m
[0mGET /api/course/list?search=&category=&level=&minPrice=&maxPrice=&sortBy=price&sortOrder=-1&page=1&limit=5 [36m304[0m 162.713 ms - -[0m
[0mGET /api/auth/refresh [33m401[0m 2.680 ms - 57[0m
[0mGET /api/course/list?search=&category=&level=&minPrice=&maxPrice=&sortBy=price&sortOrder=-1&page=1&limit=5 [36m304[0m 387.300 ms - -[0m
[0mPOST /api/auth/google [32m200[0m 154.434 ms - 434[0m
[0mGET /api/course/draft-list [36m304[0m 43.953 ms - -[0m
[0mGET /api/teacher/dashboard/revenue [36m304[0m 42.596 ms - -[0m
[0mGET /api/teacher/dashboard/purchase [36m304[0m 75.079 ms - -[0m
[0mGET /api/teacher/dashboard/lifetime-earning [36m304[0m 73.636 ms - -[0m
[0mGET /api/teacher/dashboard/earning/monthly?months=6 [32m200[0m 71.357 ms - 1590[0m
[0mGET /api/teacher/dashboard/sales-list?page=1 [36m304[0m 108.812 ms - -[0m
[0mGET /api/teacher/payout/verification/isVerified [32m200[0m 52.988 ms - 87[0m
[0mGET /api/teacher/withdrawable-amount [32m200[0m 50.828 ms - 136[0m
[0mGET /api/teacher/payout/history?page=1&limit=8 [32m200[0m 102.918 ms - 2059[0m
[0mPOST /api/teacher/payout/withdraw [32m200[0m 203.814 ms - 48[0m
[0mGET /api/teacher/withdrawable-amount [32m200[0m 44.446 ms - 136[0m
[0mGET /api/teacher/payout/history?page=1&limit=8 [32m200[0m 99.559 ms - 2059[0m
[0mGET /api/course/full-details?courseId=6766c2f1040682b6bfe3b1b3 [36m304[0m 54.878 ms - -[0m
[0mGET /api/course/draft/videos?courseId=6766c2f1040682b6bfe3b1b3 [36m304[0m 41.951 ms - -[0m
[0mGET /api/course/full-details?courseId=6766c2f6040682b6bfe3b1b5 [36m304[0m 42.954 ms - -[0m
[0mGET /api/course/draft/videos?courseId=6766c2f6040682b6bfe3b1b5 [36m304[0m 42.998 ms - -[0m
[0mGET /api/course/full-details?courseId=6766c307040682b6bfe3b1b7 [32m200[0m 42.319 ms - 761[0m
[0mGET /api/course/draft/videos?courseId=6766c307040682b6bfe3b1b7 [32m200[0m 40.204 ms - 83[0m
[0mGET /api/auth/refresh [32m200[0m 108.961 ms - 262[0m
[0mGET /api/course/draft-list [36m304[0m 65.161 ms - -[0m
[0mGET /api/course/full-details?courseId=6766c307040682b6bfe3b1b7 [36m304[0m 60.713 ms - -[0m
[0mGET /api/course/draft/videos?courseId=6766c307040682b6bfe3b1b7 [36m304[0m 41.401 ms - -[0m
[0mGET /api/course/draft/videos?courseId=6766c307040682b6bfe3b1b7 [36m304[0m 44.321 ms - -[0m
[0mGET /api/auth/refresh [32m200[0m 114.683 ms - 262[0m
[0mGET /api/course/draft-list [36m304[0m 47.635 ms - -[0m
[0mGET /api/course/full-details?courseId=6766c307040682b6bfe3b1b7 [36m304[0m 43.550 ms - -[0m
[0mGET /api/course/draft/videos?courseId=6766c307040682b6bfe3b1b7 [36m304[0m 37.244 ms - -[0m
[0mGET /api/course/draft/videos?courseId=6766c307040682b6bfe3b1b7 [36m304[0m 40.204 ms - -[0m
[0mGET /api/course/details?courseId=6766c307040682b6bfe3b1b7 [32m200[0m 80.920 ms - 793[0m
[0mGET /api/teacher/dashboard/revenue [36m304[0m 45.393 ms - -[0m
[0mGET /api/teacher/dashboard/purchase [36m304[0m 47.180 ms - -[0m
[0mGET /api/teacher/dashboard/lifetime-earning [36m304[0m 47.861 ms - -[0m
[0mGET /api/teacher/dashboard/earning/monthly?months=6 [32m200[0m 46.883 ms - 1590[0m
[0mGET /api/teacher/dashboard/sales-list?page=1 [36m304[0m 82.888 ms - -[0m
[0mGET /api/teacher/payout/verification/isVerified [36m304[0m 57.720 ms - -[0m
[0mGET /api/teacher/withdrawable-amount [36m304[0m 57.038 ms - -[0m
[0mGET /api/teacher/payout/history?page=1&limit=8 [36m304[0m 104.292 ms - -[0m
[0mGET /api/course/full-details?courseId=6788883143da0a317e3b8f68 [32m200[0m 78.861 ms - 905[0m
[0mGET /api/course/draft/videos?courseId=6788883143da0a317e3b8f68 [32m200[0m 50.683 ms - 83[0m
[0mGET /api/course/details?courseId=6788883143da0a317e3b8f68 [32m200[0m 120.523 ms - 937[0m
[0mPOST /api/teacher/auth/logout [32m200[0m 42.412 ms - 60[0m
[0mGET /api/auth/refresh [33m401[0m 0.664 ms - 57[0m
[0mPOST /api/admin/auth/login [32m200[0m 163.276 ms - 397[0m
[0mGET /api/admin/dashboard/revenue-profit?interval=monthly [32m200[0m 47.513 ms - 318[0m
[0mGET /api/admin/dashboard/overview [32m200[0m 42.816 ms - 307[0m
[0mGET /api/admin/revenue-list?limit=10&page=1 [32m200[0m 83.887 ms - 1253[0m
[0mGET /api/admin/teacher/onboarding-list [32m200[0m 52.309 ms - 110[0m
[0mGET /api/admin/teacher/payout-list?limit=10&page=1 [32m200[0m 141.512 ms - 2838[0m
[0mGET /api/admin/user/list?search=&limit=10&page=1 [32m200[0m 109.627 ms - 1363[0m
[0mGET /api/admin/user/course/reports?search=&page=1&limit=9 [32m200[0m 163.485 ms - 1210[0m
[0mGET /api/admin/course/coupon?search=&sortBy=createdAt&page=1&limit=9&totalPages=1&data=false [32m200[0m 113.492 ms - 3076[0m
[0mGET /api/admin/course/coupon?search=&sortBy=createdAt&page=1&limit=9&totalPages=2&data=true [32m200[0m 83.790 ms - 3076[0m
[0mGET /api/admin/course?search=&page=1&limit=10 [32m200[0m 122.246 ms - 1029[0m
[0mPOST /api/admin/auth/logout [32m200[0m 88.567 ms - 58[0m
[0mGET /api/auth/refresh [33m401[0m 1.680 ms - 57[0m
